{
  "name": "@polymer/paper-button",
  "flat": true,
  "version": "3.0.0",
  "description": "Material design button",
  "contributors": [
    "The Polymer Authors"
  ],
  "keywords": [
    "web-components",
    "web-component",
    "polymer",
    "paper",
    "button"
  ],
  "main": "paper-button.html",
  "repository": {
    "type": "git",
    "url": "git://github.com/PolymerElements/paper-button.git"
  },
  "license": "http://polymer.github.io/LICENSE.txt",
  "homepage": "https://github.com/PolymerElements/paper-button",
  "dependencies": {
    "@polymer/polymer": "^3.0.0-pre.1",
    "@polymer/iron-flex-layout": "^3.0.0-pre.1",
    "@polymer/paper-behaviors": "^3.0.0-pre.1",
    "@polymer/paper-styles": "^3.0.0-pre.1"
  },
  "devDependencies": {}
}
