{
  "description": "A simple element to fixture DOM for tests",
  "keywords": [
    "web-components",
    "polymer",
    "testing"
  ],
  "repository": {
    "type": "git",
    "url": "git+https://github.com/polymerelements/test-fixture.git"
  },
  "homepage": "https://github.com/polymerelements/test-fixture#readme",
  "name": "@polymer/test-fixture",
  "version": "3.0.0",
  "main": "test-fixture.js",
  "author": "The Polymer Authors",
  "license": "BSD-3-Clause",
  "bugs": {
    "url": "https://github.com/polymerelements/test-fixture/issues"
  },
  "devDependencies": {
    "web-component-tester": "^6.0.0-prerelease.5",
    "wct-browser-legacy": "0.0.1-pre.11",
    "@webcomponents/webcomponentsjs": "^1.0.0"
  },
  "resolutions": {
    "inherits": "2.0.3",
    "samsam": "1.1.3",
    "supports-color": "3.1.2",
    "type-detect": "1.0.0"
  },
  "dependencies": {
    "@polymer/polymer": "^3.0.0-pre.10"
  }
}
