{
  "name": "@polymer/polymer",
  "flat": true,
  "version": "3.0.0",
  "contributors": [
    "The Polymer Authors (http://polymer.github.io/AUTHORS.txt)"
  ],
  "repository": {
    "type": "git",
    "url": "https://github.com/Polymer/polymer.git"
  },
  "license": "http://polymer.github.io/LICENSE.txt",
  "dependencies": {
    "@webcomponents/shadycss": "^1.0.0",
    "@webcomponents/webcomponentsjs": "^1.0.0"
  },
  "devDependencies": {}
}
